#-----------------------------------------------------------
# Vivado v2017.4 (64-bit)
# SW Build 2086221 on Fri Dec 15 20:55:39 MST 2017
# IP Build 2085800 on Fri Dec 15 22:25:07 MST 2017
# Start of session at: Mon Feb 12 14:35:50 2018
# Process ID: 11148
# Current directory: C:/Users/avach/Documents/XilinixProjects/voting_machine
# Command line: vivado.exe -gui_launcher_event rodinguilauncherevent8588 C:\Users\avach\Documents\XilinixProjects\voting_machine\voting_machine.xpr
# Log file: C:/Users/avach/Documents/XilinixProjects/voting_machine/vivado.log
# Journal file: C:/Users/avach/Documents/XilinixProjects/voting_machine\vivado.jou
#-----------------------------------------------------------
start_gui
open_project C:/Users/avach/Documents/XilinixProjects/voting_machine/voting_machine.xpr
update_compile_order -fileset sources_1
open_hw
connect_hw_server
open_hw_target
set_property PROGRAM.FILE {C:/Users/avach/Documents/XilinixProjects/voting_machine/voting_machine.runs/impl_2/voting_machine_fpga.bit} [get_hw_devices xc7a100t_0]
current_hw_device [get_hw_devices xc7a100t_0]
refresh_hw_device -update_hw_probes false [lindex [get_hw_devices xc7a100t_0] 0]
set_property PROBES.FILE {} [get_hw_devices xc7a100t_0]
set_property FULL_PROBES.FILE {} [get_hw_devices xc7a100t_0]
set_property PROGRAM.FILE {C:/Users/avach/Documents/XilinixProjects/voting_machine/voting_machine.runs/impl_2/voting_machine_fpga.bit} [get_hw_devices xc7a100t_0]
program_hw_devices [get_hw_devices xc7a100t_0]
refresh_hw_device [lindex [get_hw_devices xc7a100t_0] 0]
create_run synth_3 -flow {Vivado Synthesis 2017} -strategy {Vivado Synthesis Defaults} -report_strategy {Vivado Synthesis Default Reports}
current_run [get_runs synth_3]
launch_simulation
source voting_rule_tb.tcl
launch_runs impl_3 -to_step write_bitstream -jobs 2
wait_on_run impl_3
set_property PROBES.FILE {} [get_hw_devices xc7a100t_0]
set_property FULL_PROBES.FILE {} [get_hw_devices xc7a100t_0]
set_property PROGRAM.FILE {C:/Users/avach/Documents/XilinixProjects/voting_machine/voting_machine.runs/impl_2/voting_machine_fpga.bit} [get_hw_devices xc7a100t_0]
program_hw_devices [get_hw_devices xc7a100t_0]
refresh_hw_device [lindex [get_hw_devices xc7a100t_0] 0]
open_run impl_3
