#-----------------------------------------------------------
# Vivado v2017.4 (64-bit)
# SW Build 2086221 on Fri Dec 15 20:55:39 MST 2017
# IP Build 2085800 on Fri Dec 15 22:25:07 MST 2017
# Start of session at: Mon Apr 30 10:04:03 2018
# Process ID: 17536
# Current directory: C:/Users/avach/Documents/GitHub/CmpE125/Lab8/Divider
# Command line: vivado.exe -gui_launcher_event rodinguilauncherevent7900 C:\Users\avach\Documents\GitHub\CmpE125\Lab8\Divider\Divider.xpr
# Log file: C:/Users/avach/Documents/GitHub/CmpE125/Lab8/Divider/vivado.log
# Journal file: C:/Users/avach/Documents/GitHub/CmpE125/Lab8/Divider\vivado.jou
#-----------------------------------------------------------
start_gui
open_project C:/Users/avach/Documents/GitHub/CmpE125/Lab8/Divider/Divider.xpr
update_compile_order -fileset sources_1
launch_simulation
source divider_tb.tcl
close [ open C:/Users/avach/Documents/GitHub/CmpE125/Lab8/Divider/Divider.srcs/sources_1/new/bcd_to_7seg.v w ]
add_files C:/Users/avach/Documents/GitHub/CmpE125/Lab8/Divider/Divider.srcs/sources_1/new/bcd_to_7seg.v
update_compile_order -fileset sources_1
close [ open C:/Users/avach/Documents/GitHub/CmpE125/Lab8/Divider/Divider.srcs/sources_1/new/clk_gen.v w ]
add_files C:/Users/avach/Documents/GitHub/CmpE125/Lab8/Divider/Divider.srcs/sources_1/new/clk_gen.v
close [ open C:/Users/avach/Documents/GitHub/CmpE125/Lab8/Divider/Divider.srcs/sources_1/new/led_mux.v w ]
add_files C:/Users/avach/Documents/GitHub/CmpE125/Lab8/Divider/Divider.srcs/sources_1/new/led_mux.v
update_compile_order -fileset sources_1
close [ open C:/Users/avach/Documents/GitHub/CmpE125/Lab8/Divider/Divider.srcs/sources_1/new/divider_fpga.v w ]
add_files C:/Users/avach/Documents/GitHub/CmpE125/Lab8/Divider/Divider.srcs/sources_1/new/divider_fpga.v
update_compile_order -fileset sources_1
update_compile_order -fileset sources_1
close [ open C:/Users/avach/Documents/GitHub/CmpE125/Lab8/Divider/Divider.srcs/sources_1/new/button_debouncer.v w ]
add_files C:/Users/avach/Documents/GitHub/CmpE125/Lab8/Divider/Divider.srcs/sources_1/new/button_debouncer.v
update_compile_order -fileset sources_1
update_compile_order -fileset sources_1
update_compile_order -fileset sources_1
file mkdir C:/Users/avach/Documents/GitHub/CmpE125/Lab8/Divider/Divider.srcs/constrs_1
file mkdir C:/Users/avach/Documents/GitHub/CmpE125/Lab8/Divider/Divider.srcs/constrs_1/new
close [ open C:/Users/avach/Documents/GitHub/CmpE125/Lab8/Divider/Divider.srcs/constrs_1/new/divider.xdc w ]
add_files -fileset constrs_1 C:/Users/avach/Documents/GitHub/CmpE125/Lab8/Divider/Divider.srcs/constrs_1/new/divider.xdc
